// Jest Snapshot v1, https://goo.gl/fbAQLP

exports[`matches snapshot 1`] = `
<DocumentFragment>
  <div>
    <h3>
      New Todo List
    </h3>
    <div
      class="todo-form"
    >
      <form>
        <label
          for="todo"
        >
          Task:
        </label>
        <input
          id="todo"
          name="todo"
          type="text"
          value=""
        />
        <button>
          Add Task
        </button>
      </form>
    </div>
    <ul
      class="todo-list"
    />
  </div>
</DocumentFragment>
`;
